Loaded value [0xb9cb17b29e5109d2] @ address 0x00000016
Loaded value [0xb9cb17b29e5109d2] @ address 0x00000016
Cache hits: 1, misses: 1 -- hit rate 50%
