Loaded value [0x31bb7e7a43899248] @ address 0x00000007
Loaded value [0xf0b225047b14b95a] @ address 0x00000207
Loaded value [0xd2db0924ee69530a] @ address 0x0000000f
Loaded value [0x5f63842511bd4341] @ address 0x0000020f
Cache hits: 2, misses: 2 -- hit rate 50%
