Loaded value [0xb9cb17b29e5109d2] @ address 0x00000016
Loaded value [0x1f87145407a839f2] @ address 0x0000040a
Loaded value [0x4d147b600626c106] @ address 0x00004010
Loaded value [0x51f1992c39ecb033] @ address 0x00004410
Loaded value [0x22876436fae2133f] @ address 0x00008016
Loaded value [0xa53c60d4396438c3] @ address 0x00008416
Loaded value [0x40fbdea34dc564da] @ address 0x0000c018
Loaded value [0x0b089f7a30e8efdd] @ address 0x0000c418
Loaded value [0x78d80dcc0da40dfc] @ address 0x0000fbf8
Loaded value [0x46b4412250a28152] @ address 0x0000fff8
Cache hits: 0, misses: 10 -- hit rate 0%
