Loaded value [0xb9cb17b29e5109d2] @ address 0x00000016
Loaded value [0x7ff17c1ca8ed2f5f] @ address 0x00000216
Loaded value [0xb9cb17b29e5109d2] @ address 0x00000016
Loaded value [0x7ff17c1ca8ed2f5f] @ address 0x00000216
Cache hits: 2, misses: 2 -- hit rate 50%
